  public function create(\clarinet\model\ConfigValue $model) {
    $params = Array();
    $params[':name'] = $model->getName();
    $params[':value'] = $model->getValue();

    try {
      $this->_pdo->beginTransaction();
      $this->_create->execute($params);
      $id = $this->_pdo->lastInsertId();
      $this->_pdo->commit();
      return $id;
    } catch (PDOException $e) {
      $this->_pdo->rollback();

      throw new Exception('Error creating clarinet\model\ConfigValue', $e);
    }
  }
